
                           Design Compiler Graphical 
                                 DC Ultra (TM)
                                  DFTMAX (TM)
                              Power Compiler (TM)
                                 DesignWare (R)
                                 DC Expert (TM)
                               Design Vision (TM)
                               HDL Compiler (TM)
                               VHDL Compiler (TM)
                                  DFT Compiler
                               Design Compiler(R)

               Version O-2018.06-SP1 for linux64 - Jul 19, 2018 

                    Copyright (c) 1988 - 2018 Synopsys, Inc.
   This software and the associated documentation are proprietary to Synopsys,
 Inc. This software may only be used in accordance with the terms and conditions
 of a written license agreement with Synopsys, Inc. All other use, reproduction,
            or distribution of this software is strictly prohibited.
Initializing...
Initializing gui preferences from file  /home/ICer/.synopsys_dv_prefs.tcl
########################### Define Top Module ############################
set top_module UART_TX
UART_TX
##################### Define Working Library Directory ######################
define_design_lib work -path ./work
1
################## Design Compiler Library Files #setup ######################
puts "###########################################"
###########################################
puts "#      #setting Design Libraries           #"
#      #setting Design Libraries           #
puts "###########################################"
###########################################
#Add the path of the libraries to the search_path variable
lappend search_path /home/ICer/UART_TX/std_cells
. /home/synopsys/syn/O-2018.06-SP1/libraries/syn /home/synopsys/syn/O-2018.06-SP1/minpower/syn /home/synopsys/syn/O-2018.06-SP1/dw/syn_ver /home/synopsys/syn/O-2018.06-SP1/dw/sim_ver /home/ICer/UART_TX/std_cells
lappend search_path /home/ICer/UART_TX/UART_RTL
. /home/synopsys/syn/O-2018.06-SP1/libraries/syn /home/synopsys/syn/O-2018.06-SP1/minpower/syn /home/synopsys/syn/O-2018.06-SP1/dw/syn_ver /home/synopsys/syn/O-2018.06-SP1/dw/sim_ver /home/ICer/UART_TX/std_cells /home/ICer/UART_TX/UART_RTL
set SSLIB "scmetro_tsmc_cl013g_rvt_ss_1p08v_125c.db"
scmetro_tsmc_cl013g_rvt_ss_1p08v_125c.db
set TTLIB "scmetro_tsmc_cl013g_rvt_tt_1p2v_25c.db"
scmetro_tsmc_cl013g_rvt_tt_1p2v_25c.db
set FFLIB "scmetro_tsmc_cl013g_rvt_ff_1p32v_m40c.db"
scmetro_tsmc_cl013g_rvt_ff_1p32v_m40c.db
## Standard Cell libraries 
set target_library [list $SSLIB $TTLIB $FFLIB]
scmetro_tsmc_cl013g_rvt_ss_1p08v_125c.db scmetro_tsmc_cl013g_rvt_tt_1p2v_25c.db scmetro_tsmc_cl013g_rvt_ff_1p32v_m40c.db
## Standard Cell & Hard Macros libraries 
set link_library [list * $SSLIB $TTLIB $FFLIB]  
* scmetro_tsmc_cl013g_rvt_ss_1p08v_125c.db scmetro_tsmc_cl013g_rvt_tt_1p2v_25c.db scmetro_tsmc_cl013g_rvt_ff_1p32v_m40c.db
######################## Reading RTL Files #################################
puts "###########################################"
###########################################
puts "#             Reading RTL Files           #"
#             Reading RTL Files           #
puts "###########################################"
###########################################
set file_format verilog
verilog
analyze -format $file_format UART_TX.v
Running PRESTO HDLC
Compiling source file /home/ICer/UART_TX/UART_RTL/UART_TX.v
Presto compilation completed successfully.
Loading db file '/home/ICer/UART_TX/std_cells/scmetro_tsmc_cl013g_rvt_ss_1p08v_125c.db'
Loading db file '/home/ICer/UART_TX/std_cells/scmetro_tsmc_cl013g_rvt_tt_1p2v_25c.db'
Loading db file '/home/ICer/UART_TX/std_cells/scmetro_tsmc_cl013g_rvt_ff_1p32v_m40c.db'
1
analyze -format $file_format FSM_block.v
Running PRESTO HDLC
Compiling source file /home/ICer/UART_TX/UART_RTL/FSM_block.v
Presto compilation completed successfully.
1
analyze -format $file_format party_calc.v
Running PRESTO HDLC
Compiling source file /home/ICer/UART_TX/UART_RTL/party_calc.v
Presto compilation completed successfully.
1
analyze -format $file_format serializer.v
Running PRESTO HDLC
Compiling source file /home/ICer/UART_TX/UART_RTL/serializer.v
Presto compilation completed successfully.
1
elaborate -lib work UART_TX
Loading db file '/home/synopsys/syn/O-2018.06-SP1/libraries/syn/gtech.db'
Loading db file '/home/synopsys/syn/O-2018.06-SP1/libraries/syn/standard.sldb'
  Loading link library 'scmetro_tsmc_cl013g_rvt_ss_1p08v_125c'
  Loading link library 'scmetro_tsmc_cl013g_rvt_tt_1p2v_25c'
  Loading link library 'scmetro_tsmc_cl013g_rvt_ff_1p32v_m40c'
  Loading link library 'gtech'
Running PRESTO HDLC

Statistics for case statements in always block at line 54 in file
	'/home/ICer/UART_TX/UART_RTL/UART_TX.v'
===============================================
|           Line           |  full/ parallel  |
===============================================
|            55            |    auto/auto     |
===============================================
Presto compilation completed successfully.
Elaborated 1 design.
Current design is now 'UART_TX'.
Information: Building the design 'serializer'. (HDL-193)

Inferred memory devices in process
	in routine serializer line 13 in file
		'/home/ICer/UART_TX/UART_RTL/serializer.v'.
===============================================================================
|    Register Name    |   Type    | Width | Bus | MB | AR | AS | SR | SS | ST |
===============================================================================
|      count_reg      | Flip-flop |   3   |  Y  | N  | Y  | N  | N  | N  | N  |
===============================================================================
Statistics for MUX_OPs
======================================================
| block name/line  | Inputs | Outputs | # sel inputs |
======================================================
|  serializer/11   |   8    |    1    |      3       |
======================================================
Presto compilation completed successfully.
Information: Building the design 'party_calc'. (HDL-193)

Inferred memory devices in process
	in routine party_calc line 10 in file
		'/home/ICer/UART_TX/UART_RTL/party_calc.v'.
===============================================================================
|    Register Name    |   Type    | Width | Bus | MB | AR | AS | SR | SS | ST |
===============================================================================
|     PAR_BIT_reg     | Flip-flop |   1   |  N  | N  | Y  | N  | N  | N  | N  |
===============================================================================
Presto compilation completed successfully.
Information: Building the design 'FSM_block'. (HDL-193)

Statistics for case statements in always block at line 34 in file
	'/home/ICer/UART_TX/UART_RTL/FSM_block.v'
===============================================
|           Line           |  full/ parallel  |
===============================================
|            35            |    auto/auto     |
===============================================

Inferred memory devices in process
	in routine FSM_block line 24 in file
		'/home/ICer/UART_TX/UART_RTL/FSM_block.v'.
===============================================================================
|    Register Name    |   Type    | Width | Bus | MB | AR | AS | SR | SS | ST |
===============================================================================
|  current_state_reg  | Flip-flop |   3   |  Y  | N  | Y  | N  | N  | N  | N  |
===============================================================================
Presto compilation completed successfully.
1
current_design UART_TX
Current design is 'UART_TX'.
{UART_TX}
#################### Liniking All The Design Parts #########################
puts "###############################################"
###############################################
puts "######## Liniking All The Design Parts ########"
######## Liniking All The Design Parts ########
puts "###############################################"
###############################################
link 

  Linking design 'UART_TX'
  Using the following designs and libraries:
  --------------------------------------------------------------------------
  * (4 designs)               /home/ICer/UART_TX/syn/UART_TX.db, etc
  scmetro_tsmc_cl013g_rvt_ss_1p08v_125c (library) /home/ICer/UART_TX/std_cells/scmetro_tsmc_cl013g_rvt_ss_1p08v_125c.db
  scmetro_tsmc_cl013g_rvt_tt_1p2v_25c (library) /home/ICer/UART_TX/std_cells/scmetro_tsmc_cl013g_rvt_tt_1p2v_25c.db
  scmetro_tsmc_cl013g_rvt_ff_1p32v_m40c (library) /home/ICer/UART_TX/std_cells/scmetro_tsmc_cl013g_rvt_ff_1p32v_m40c.db

1
#################### Liniking All The Design Parts #########################
puts "###############################################"
###############################################
puts "######## checking design consistency ##########"
######## checking design consistency ##########
puts "###############################################"
###############################################
check_design
 
****************************************
check_design summary:
Version:     O-2018.06-SP1
Date:        Thu Aug 13 00:25:02 2026
****************************************

                   Name                                            Total
--------------------------------------------------------------------------------
Cells                                                               1
    Cells do not drive (LINT-1)                                     1
--------------------------------------------------------------------------------

Warning: In design 'serializer', cell 'C59' does not drive any nets. (LINT-1)
1
###################### Read constraints #############################
source cons.tcl
Warning: Design rule attributes from the driving cell will be
	set on the port. (UID-401)
Warning: Design rule attributes from the driving cell will be
	set on the port. (UID-401)
Warning: Design rule attributes from the driving cell will be
	set on the port. (UID-401)
Warning: Design rule attributes from the driving cell will be
	set on the port. (UID-401)
Warning: Design rule attributes from the driving cell will be
	set on the port. (UID-401)
Warning: Design rule attributes from the driving cell will be
	set on the port. (UID-401)
Warning: Design rule attributes from the driving cell will be
	set on the port. (UID-401)
Warning: Design rule attributes from the driving cell will be
	set on the port. (UID-401)
Warning: Design rule attributes from the driving cell will be
	set on the port. (UID-401)
Warning: Design rule attributes from the driving cell will be
	set on the port. (UID-401)
Warning: Design rule attributes from the driving cell will be
	set on the port. (UID-401)
Using operating conditions 'scmetro_tsmc_cl013g_rvt_ss_1p08v_125c' found in library 'scmetro_tsmc_cl013g_rvt_ss_1p08v_125c'.
Using operating conditions 'scmetro_tsmc_cl013g_rvt_ff_1p32v_m40c' found in library 'scmetro_tsmc_cl013g_rvt_ff_1p32v_m40c'.
1
###################### Mapping and optimization ########################
puts "###############################################"
###############################################
puts "########## Mapping & Optimization #############"
########## Mapping & Optimization #############
puts "###############################################"
###############################################
compile -map_effort high 
Information: Evaluating DesignWare library utilization. (UISN-27)

============================================================================
| DesignWare Building Block Library  |         Version         | Available |
============================================================================
| Basic DW Building Blocks           | O-2018.06-DWBB_201806.1 |     *     |
| Licensed DW Building Blocks        |                         |           |
============================================================================


Information: There are 1 potential problems in your design. Please run 'check_design' for more information. (LINT-99)


Warning: Operating condition scmetro_tsmc_cl013g_rvt_ss_1p08v_125c set on design UART_TX has different process,
voltage and temperatures parameters than the parameters at which target library 
scmetro_tsmc_cl013g_rvt_tt_1p2v_25c is characterized. Delays may be inaccurate as a result. (OPT-998)

  Beginning Pass 1 Mapping
  ------------------------
  Processing 'FSM_block'
  Processing 'party_calc'
  Processing 'serializer'
  Processing 'UART_TX'

  Updating timing information
Information: Updating design information... (UID-85)

  Beginning Implementation Selection
  ----------------------------------

  Beginning Mapping Optimizations  (High effort)
  -------------------------------
Loading db file '/home/ICer/UART_TX/std_cells/scmetro_tsmc_cl013g_rvt_tt_1p2v_25c.db'
Loading db file '/home/ICer/UART_TX/std_cells/scmetro_tsmc_cl013g_rvt_ff_1p32v_m40c.db'
  Mapping Optimization (Phase 1)

                                  TOTAL                                      
   ELAPSED            WORST NEG   SETUP    DESIGN                            
    TIME      AREA      SLACK     COST    RULE COST         ENDPOINT         
  --------- --------- --------- --------- --------- -------------------------
    0:00:08     861.3      0.00       0.0       2.7                          
    0:00:08     861.3      0.00       0.0       2.7                          
    0:00:08     861.3      0.00       0.0       2.7                          
    0:00:08     861.3      0.00       0.0       2.7                          
    0:00:08     861.3      0.00       0.0       2.7                          
    0:00:08     533.0      0.00       0.0       2.7                          
    0:00:08     533.0      0.00       0.0       2.7                          
    0:00:08     533.0      0.00       0.0       2.7                          
    0:00:08     533.0      0.00       0.0       2.7                          
    0:00:08     533.0      0.00       0.0       2.7                          
    0:00:08     551.9      0.00       0.0       1.3                          
    0:00:08     542.5      0.00       0.0       0.0                          
    0:00:08     542.5      0.00       0.0       0.0                          
    0:00:08     542.5      0.00       0.0       0.0                          
    0:00:08     542.5      0.00       0.0       0.0                          



  Beginning Delay Optimization Phase
  ----------------------------------

                                  TOTAL                                      
   ELAPSED            WORST NEG   SETUP    DESIGN                            
    TIME      AREA      SLACK     COST    RULE COST         ENDPOINT         
  --------- --------- --------- --------- --------- -------------------------
    0:00:08     542.5      0.00       0.0       0.0                          
    0:00:08     542.5      0.00       0.0       0.0                          
    0:00:08     531.9      0.00       0.0       0.0                          


  Beginning Area-Recovery Phase  (cleanup)
  -----------------------------

                                  TOTAL                                      
   ELAPSED            WORST NEG   SETUP    DESIGN                            
    TIME      AREA      SLACK     COST    RULE COST         ENDPOINT         
  --------- --------- --------- --------- --------- -------------------------
    0:00:08     531.9      0.00       0.0       0.0                          
    0:00:08     531.9      0.00       0.0       0.0                          
    0:00:08     527.2      0.00       0.0       0.0                          
    0:00:08     527.2      0.00       0.0       0.0                          
    0:00:08     527.2      0.00       0.0       0.0                          
    0:00:08     527.2      0.00       0.0       0.0                          
    0:00:08     527.2      0.00       0.0       0.0                          
    0:00:08     527.2      0.00       0.0       0.0                          
    0:00:08     527.2      0.00       0.0       0.0                          
    0:00:08     527.2      0.00       0.0       0.0                          
    0:00:08     527.2      0.00       0.0       0.0                          
    0:00:08     527.2      0.00       0.0       0.0                          
Loading db file '/home/ICer/UART_TX/std_cells/scmetro_tsmc_cl013g_rvt_ss_1p08v_125c.db'


Note: Symbol # after min delay cost means estimated hold TNS across all active scenarios 


  Optimization Complete
  ---------------------
1
check_design
1
#############################################################################
# Write out Design after initial compile
#############################################################################
write_file -format verilog -hierarchy -output UART_TX_netlist.v
Writing verilog file '/home/ICer/UART_TX/syn/UART_TX_netlist.v'.
Warning: Verilog 'assign' or 'tran' statements are written out. (VO-4)
1
write_file -format ddc -hierarchy -output UART_TX_netlist.ddc
Writing ddc file 'UART_TX_netlist.ddc'.
1
write_sdc -nosplit UART_TX.sdc
1
write_sdf UART_TX.sdf
Information: Annotated 'cell' delays are assumed to include load delay. (UID-282)
Information: Writing timing information to file '/home/ICer/UART_TX/syn/UART_TX.sdf'. (WT-3)
Information: Updating design information... (UID-85)
1
################# reporting #######################
report_area -hierarchy > area.rpt
report_power -hierarchy > power.rpt
report_timing -max_paths 100 -delay_type max > setup.rpt
report_timing -max_paths 100 -delay_type min > hold.rpt
report_clock -attributes > clocks.rpt
report_constraint -all_violators > constraints.rpt
################# starting graphical user interface #######################
#gui_start
exit

Memory usage for main task 269 Mbytes.
Memory usage for this session 269 Mbytes.
CPU usage for this session 13 seconds ( 0.00 hours ).

Thank you...
